CONSTRUCCION AST ASCENDENTE
<program>
<dectype>
ta
:
<array>
[
9
]
<of>
<int>
;
<dectype>
tr
:
<record>
x
:
<int>
;
y
:
<int>
<end_record>
;
<decproc>
x
(
i
:
<int>
)
<end_proc>
;
<decvar>
x
:
<int>
--
<output>
*
x
;
<output>
5
+
6.0
;
<output>
x
[
56
]
;
<output>
x
.
y
;
<output>
x
->
y
;
@
p
(
)
;
x
:=
y
;
<output>
10
<end_program>
EOF
IMPRESION RECURSIVA
<program>
<dectype>
ta$f:3,c:9$
:
<array>
[
9
]$f:3,c:20$
<of>
<int>
;
<dectype>
tr$f:5,c:9$
:
<record>
x$f:6,c:15$
:
<int>
;
y$f:7,c:15$
:
<int>
<end_record>
;
<decproc>
x$f:9,c:9$
(
i$f:9,c:11$
:
<int>
)
<end_proc>
;
<decvar>
x$f:10,c:8$
:
<int>
--
<output>
*$f:12,c:8$
x$f:12,c:9$
;
<output>
5$f:13,c:8$
+$f:13,c:10$
6.0$f:13,c:12$
;
<output>
x$f:14,c:8$
[$f:14,c:9$
56$f:14,c:10$
]
;
<output>
x$f:15,c:8$
.
y$f:15,c:10$
;
<output>
x$f:16,c:8$
->
y$f:16,c:11$
;
@
p$f:17,c:3$
(
)
;
x$f:18,c:1$
:=
y$f:18,c:6$
;
<output>
10$f:19,c:8$
<end_program>
IMPRESION INTERPRETE
<program>
<dectype>
ta$f:3,c:9$
:
<array>
[
9
]$f:3,c:20$
<of>
<int>
;
<dectype>
tr$f:5,c:9$
:
<record>
x$f:6,c:15$
:
<int>
;
y$f:7,c:15$
:
<int>
<end_record>
;
<decproc>
x$f:9,c:9$
(
i$f:9,c:11$
:
<int>
)
<end_proc>
;
<decvar>
x$f:10,c:8$
:
<int>
--
<output>
*$f:12,c:8$
x$f:12,c:9$
;
<output>
5$f:13,c:8$
+$f:13,c:10$
6.0$f:13,c:12$
;
<output>
x$f:14,c:8$
[$f:14,c:9$
56$f:14,c:10$
]
;
<output>
x$f:15,c:8$
.
y$f:15,c:10$
;
<output>
x$f:16,c:8$
->
y$f:16,c:11$
;
@
p$f:17,c:3$
(
)
;
x$f:18,c:1$
:=
y$f:18,c:6$
;
<output>
10$f:19,c:8$
<end_program>
IMPRESION VISITANTE
<program>
<dectype>
ta$f:3,c:9$
:
<array>
[
9
]$f:3,c:20$
<of>
<int>
;
<dectype>
tr$f:5,c:9$
:
<record>
x$f:6,c:15$
:
<int>
;
y$f:7,c:15$
:
<int>
<end_record>
;
<decproc>
x$f:9,c:9$
(
i$f:9,c:11$
:
<int>
)
<end_proc>
;
<decvar>
x$f:10,c:8$
:
<int>
--
<output>
*$f:12,c:8$
x$f:12,c:9$
;
<output>
5$f:13,c:8$
+$f:13,c:10$
6.0$f:13,c:12$
;
<output>
x$f:14,c:8$
[$f:14,c:9$
56$f:14,c:10$
]
;
<output>
x$f:15,c:8$
.
y$f:15,c:10$
;
<output>
x$f:16,c:8$
->
y$f:16,c:11$
;
@
p$f:17,c:3$
(
)
;
x$f:18,c:1$
:=
y$f:18,c:6$
;
<output>
10$f:19,c:8$
<end_program>
