CONSTRUCCION AST ASCENDENTE
<program>
<output>
(
(
(
(
(
(
(
(
(
(
!
x
)
/
(
-
7
)
)
&
x
)
+
8
)
<
9
)
=
20
)
)
)
)
)
<end_program>
EOF
IMPRESION RECURSIVA
<program>
<output>
(
(
!$f:4,c:21$
x$f:4,c:23$
/$f:4,c:26$
-$f:4,c:29$
7$f:4,c:31$
)
&$f:4,c:35$
x$f:4,c:37$
+$f:4,c:40$
8$f:4,c:42$
<$f:4,c:45$
9$f:4,c:47$
)
=$f:4,c:50$
20$f:4,c:52$
<end_program>
IMPRESION INTERPRETE
<program>
<output>
(
(
!$f:4,c:21$
x$f:4,c:23$
/$f:4,c:26$
-$f:4,c:29$
7$f:4,c:31$
)
&$f:4,c:35$
x$f:4,c:37$
+$f:4,c:40$
8$f:4,c:42$
<$f:4,c:45$
9$f:4,c:47$
)
=$f:4,c:50$
20$f:4,c:52$
<end_program>
IMPRESION VISITANTE
<program>
<output>
(
(
!$f:4,c:21$
x$f:4,c:23$
/$f:4,c:26$
-$f:4,c:29$
7$f:4,c:31$
)
&$f:4,c:35$
x$f:4,c:37$
+$f:4,c:40$
8$f:4,c:42$
<$f:4,c:45$
9$f:4,c:47$
)
=$f:4,c:50$
20$f:4,c:52$
<end_program>
