CONSTRUCCION AST DESCENDENTE
<program>
x
:=
(
(
y
=
z
)
<
u
)
<>
(
(
k
>
v
)
<=
(
z
>=
q
)
)
;
x
:=
(
(
(
a
+
b
)
-
c
)
-
d
)
-
-
-
e
;
x
:=
a
+
(
b
-
(
c
+
(
d
-
-
-
e
)
)
)
;
x
:=
(
a
|
b
)
|
(
c
|
d
)
;
x
:=
(
(
(
a
*
b
)
/
c
)
%
d
)
*
*
*
e
;
x
:=
a
*
(
b
/
(
c
%
(
d
*
*
*
e
)
)
)
;
x
:=
(
(
a
.
b
)
[
c
]
)
->
d
;
x
:=
(
*
a
)
[
b
]
->
c
.
d
;
x
:=
*
(
a
[
b
]
->
c
.
d
)
<end_program>
EOF
IMPRESION RECURSIVA
<program>
x$f:5,c:3$
:=
(
(
y$f:5,c:10$
=$f:5,c:12$
z$f:5,c:14$
)
<$f:5,c:17$
u$f:5,c:19$
)
<>$f:5,c:22$
(
(
k$f:5,c:27$
>$f:5,c:28$
v$f:5,c:29$
)
<=$f:5,c:32$
(
z$f:5,c:36$
>=$f:5,c:38$
q$f:5,c:40$
)
)
;
x$f:7,c:3$
:=
a$f:7,c:11$
+$f:7,c:13$
b$f:7,c:15$
-$f:7,c:18$
c$f:7,c:20$
-$f:7,c:23$
d$f:7,c:25$
-$f:7,c:28$
-$f:7,c:30$
-$f:7,c:32$
e$f:7,c:33$
;
x$f:9,c:3$
:=
a$f:9,c:8$
+$f:9,c:10$
(
b$f:9,c:13$
-$f:9,c:15$
(
c$f:9,c:18$
+$f:9,c:20$
(
d$f:9,c:23$
-$f:9,c:25$
-$f:9,c:27$
-$f:9,c:29$
e$f:9,c:30$
)
)
)
;
x$f:11,c:3$
:=
(
a$f:11,c:10$
|$f:11,c:12$
b$f:11,c:14$
)
|$f:11,c:17$
(
c$f:11,c:20$
|$f:11,c:22$
d$f:11,c:24$
)
;
x$f:13,c:3$
:=
a$f:13,c:11$
*$f:13,c:13$
b$f:13,c:15$
/$f:13,c:18$
c$f:13,c:20$
%$f:13,c:23$
d$f:13,c:25$
*$f:13,c:28$
*$f:13,c:30$
*$f:13,c:31$
e$f:13,c:32$
;
x$f:15,c:3$
:=
a$f:15,c:8$
*$f:15,c:10$
(
b$f:15,c:13$
/$f:15,c:15$
(
c$f:15,c:18$
%$f:15,c:20$
(
d$f:15,c:23$
*$f:15,c:25$
*$f:15,c:27$
*$f:15,c:28$
e$f:15,c:29$
)
)
)
;
x$f:17,c:3$
:=
a$f:17,c:10$
.
b$f:17,c:12$
[$f:17,c:14$
c$f:17,c:15$
]
->
d$f:17,c:20$
;
x$f:19,c:3$
:=
*$f:19,c:9$
a$f:19,c:10$
[$f:19,c:12$
b$f:19,c:13$
]
->
c$f:19,c:17$
.
d$f:19,c:19$
;
x$f:21,c:3$
:=
*$f:21,c:8$
(
a$f:21,c:10$
[$f:21,c:11$
b$f:21,c:12$
]
->
c$f:21,c:16$
.
d$f:21,c:18$
)
<end_program>
IMPRESION INTERPRETE
<program>
x$f:5,c:3$
:=
(
(
y$f:5,c:10$
=$f:5,c:12$
z$f:5,c:14$
)
<$f:5,c:17$
u$f:5,c:19$
)
<>$f:5,c:22$
(
(
k$f:5,c:27$
>$f:5,c:28$
v$f:5,c:29$
)
<=$f:5,c:32$
(
z$f:5,c:36$
>=$f:5,c:38$
q$f:5,c:40$
)
)
;
x$f:7,c:3$
:=
a$f:7,c:11$
+$f:7,c:13$
b$f:7,c:15$
-$f:7,c:18$
c$f:7,c:20$
-$f:7,c:23$
d$f:7,c:25$
-$f:7,c:28$
-$f:7,c:30$
-$f:7,c:32$
e$f:7,c:33$
;
x$f:9,c:3$
:=
a$f:9,c:8$
+$f:9,c:10$
(
b$f:9,c:13$
-$f:9,c:15$
(
c$f:9,c:18$
+$f:9,c:20$
(
d$f:9,c:23$
-$f:9,c:25$
-$f:9,c:27$
-$f:9,c:29$
e$f:9,c:30$
)
)
)
;
x$f:11,c:3$
:=
(
a$f:11,c:10$
|$f:11,c:12$
b$f:11,c:14$
)
|$f:11,c:17$
(
c$f:11,c:20$
|$f:11,c:22$
d$f:11,c:24$
)
;
x$f:13,c:3$
:=
a$f:13,c:11$
*$f:13,c:13$
b$f:13,c:15$
/$f:13,c:18$
c$f:13,c:20$
%$f:13,c:23$
d$f:13,c:25$
*$f:13,c:28$
*$f:13,c:30$
*$f:13,c:31$
e$f:13,c:32$
;
x$f:15,c:3$
:=
a$f:15,c:8$
*$f:15,c:10$
(
b$f:15,c:13$
/$f:15,c:15$
(
c$f:15,c:18$
%$f:15,c:20$
(
d$f:15,c:23$
*$f:15,c:25$
*$f:15,c:27$
*$f:15,c:28$
e$f:15,c:29$
)
)
)
;
x$f:17,c:3$
:=
a$f:17,c:10$
.
b$f:17,c:12$
[$f:17,c:14$
c$f:17,c:15$
]
->
d$f:17,c:20$
;
x$f:19,c:3$
:=
*$f:19,c:9$
a$f:19,c:10$
[$f:19,c:12$
b$f:19,c:13$
]
->
c$f:19,c:17$
.
d$f:19,c:19$
;
x$f:21,c:3$
:=
*$f:21,c:8$
(
a$f:21,c:10$
[$f:21,c:11$
b$f:21,c:12$
]
->
c$f:21,c:16$
.
d$f:21,c:18$
)
<end_program>
IMPRESION VISITANTE
<program>
x$f:5,c:3$
:=
(
(
y$f:5,c:10$
=$f:5,c:12$
z$f:5,c:14$
)
<$f:5,c:17$
u$f:5,c:19$
)
<>$f:5,c:22$
(
(
k$f:5,c:27$
>$f:5,c:28$
v$f:5,c:29$
)
<=$f:5,c:32$
(
z$f:5,c:36$
>=$f:5,c:38$
q$f:5,c:40$
)
)
;
x$f:7,c:3$
:=
a$f:7,c:11$
+$f:7,c:13$
b$f:7,c:15$
-$f:7,c:18$
c$f:7,c:20$
-$f:7,c:23$
d$f:7,c:25$
-$f:7,c:28$
-$f:7,c:30$
-$f:7,c:32$
e$f:7,c:33$
;
x$f:9,c:3$
:=
a$f:9,c:8$
+$f:9,c:10$
(
b$f:9,c:13$
-$f:9,c:15$
(
c$f:9,c:18$
+$f:9,c:20$
(
d$f:9,c:23$
-$f:9,c:25$
-$f:9,c:27$
-$f:9,c:29$
e$f:9,c:30$
)
)
)
;
x$f:11,c:3$
:=
(
a$f:11,c:10$
|$f:11,c:12$
b$f:11,c:14$
)
|$f:11,c:17$
(
c$f:11,c:20$
|$f:11,c:22$
d$f:11,c:24$
)
;
x$f:13,c:3$
:=
a$f:13,c:11$
*$f:13,c:13$
b$f:13,c:15$
/$f:13,c:18$
c$f:13,c:20$
%$f:13,c:23$
d$f:13,c:25$
*$f:13,c:28$
*$f:13,c:30$
*$f:13,c:31$
e$f:13,c:32$
;
x$f:15,c:3$
:=
a$f:15,c:8$
*$f:15,c:10$
(
b$f:15,c:13$
/$f:15,c:15$
(
c$f:15,c:18$
%$f:15,c:20$
(
d$f:15,c:23$
*$f:15,c:25$
*$f:15,c:27$
*$f:15,c:28$
e$f:15,c:29$
)
)
)
;
x$f:17,c:3$
:=
a$f:17,c:10$
.
b$f:17,c:12$
[$f:17,c:14$
c$f:17,c:15$
]
->
d$f:17,c:20$
;
x$f:19,c:3$
:=
*$f:19,c:9$
a$f:19,c:10$
[$f:19,c:12$
b$f:19,c:13$
]
->
c$f:19,c:17$
.
d$f:19,c:19$
;
x$f:21,c:3$
:=
*$f:21,c:8$
(
a$f:21,c:10$
[$f:21,c:11$
b$f:21,c:12$
]
->
c$f:21,c:16$
.
d$f:21,c:18$
)
<end_program>
