CONSTRUCCION AST DESCENDENTE
<program>
<dectype>
tRaro
:
<array>
[
20
]
<of>
<pointer>
<pointer>
<record>
x
:
<int>
;
y
:
<bool>
;
z
:
<real>
;
k
:
<record>
x
:
<pointer>
<array>
[
20
]
<of>
<array>
[
30
]
<of>
<int>
;
y
:
<int>
<end_record>
<end_record>
;
<dectype>
tRarito
:
<pointer>
<pointer>
<array>
[
5
]
<of>
<array>
[
10
]
<of>
tRaro
;
<decvar>
x
:
<pointer>
<pointer>
<pointer>
<array>
[
10
]
<of>
<array>
[
10
]
<of>
tRarito
;
<decproc>
subprog
(
x
:
<int>
,
y
:
<pointer>
<pointer>
tRarito
,
z
:
<record>
x
:
<int>
;
y
:
<pointer>
tRarito
<end_record>
)
<decvar>
k
:
<pointer>
<pointer>
tRarito
;
<decproc>
u
(
v
:
<int>
,
<ref>
z
:
<array>
[
98
]
<of>
<int>
)
<end_proc>
--
u
->
v
:=
(
*
(
k
.
c
->
x
[
e
+
e
[
x
.
c
]
]
)
)
.
y
[
r
]
%
2
;
@
u
(
5
,
5
-
5
)
<end_proc>
--
<if>
(
x
=
34
)
:
<if>
(
x
<
56
)
:
x
:=
x
+
1
;
<block>
<decvar>
x
:
<int>
--
<while>
(
x
<
20
)
:
x
:=
2
*
x
;
x
:=
5
<end_while>
<end_block>
<else>
<block>
<decproc>
y
(
)
<end_proc>
--
x
:=
2
*
y
;
@
y
(
2
*
x
+
80
,
45
-
x
)
<end_block>
<end_if>
<end_if>
;
<block>
<decvar>
x
:
<int>
--
x
:=
x
;
<input>
x
.
x
;
<output>
x
+
67
;
<dispose>
x
.
x
[
x
]
;
<new>
u
.
v
[
x
]
<end_block>
;
x
:=
'una cadena!!!'
+
<null>
;
<if>
5
:
<end_if>
;
<if>
5
:
<else>
<end_if>
;
<while>
5
:
<end_while>
<end_program>
EOF
IMPRESION RECURSIVA
<program>
<dectype>
tRaro$f:5,c:3$
:
<array>
[
20
]$f:5,c:17$
<of>
<pointer>
<pointer>
<record>
x$f:7,c:30$
:
<int>
;
y$f:8,c:24$
:
<bool>
;
z$f:9,c:23$
:
<real>
;
k$f:10,c:30$
:
<record>
x$f:11,c:34$
:
<pointer>
<array>
[
20
]$f:11,c:52$
<of>
<array>
[
30
]$f:11,c:66$
<of>
<int>
;
y$f:12,c:34$
:
<int>
<end_record>
<end_record>
;
<dectype>
tRarito$f:16,c:5$
:
<pointer>
<pointer>
<array>
[
5
]$f:16,c:37$
<of>
<array>
[
10
]$f:16,c:49$
<of>
tRaro$f:16,c:56$
;
<decvar>
x$f:18,c:5$
:
<pointer>
<pointer>
<pointer>
<array>
[
10
]$f:18,c:39$
<of>
<array>
[
10
]$f:18,c:52$
<of>
tRarito$f:18,c:59$
;
<decproc>
subprog$f:20,c:9$
(
x$f:20,c:17$
:
<int>
,
y$f:20,c:25$
:
<pointer>
<pointer>
tRarito$f:20,c:44$
,
z$f:20,c:53$
:
<record>
x$f:20,c:63$
:
<int>
;
y$f:20,c:71$
:
<pointer>
tRarito$f:20,c:82$
<end_record>
)
<decvar>
k$f:21,c:11$
:
<pointer>
<pointer>
tRarito$f:21,c:30$
;
<decproc>
u$f:22,c:12$
(
v$f:22,c:14$
:
<int>
,
<ref>
z$f:22,c:26$
:
<array>
[
98
]$f:22,c:36$
<of>
<int>
)
<end_proc>
--
u$f:25,c:4$
->
v$f:25,c:7$
:=
*$f:25,c:13$
(
k$f:25,c:15$
.
c$f:25,c:17$
->
x$f:25,c:20$
[$f:25,c:21$
e$f:25,c:22$
+$f:25,c:23$
e$f:25,c:24$
[$f:25,c:25$
x$f:25,c:26$
.
c$f:25,c:28$
]
]
)
.
y$f:25,c:34$
[$f:25,c:35$
r$f:25,c:36$
]
%$f:25,c:39$
2$f:25,c:41$
;
@
u$f:26,c:6$
(
5$f:26,c:8$
,
5$f:26,c:11$
-$f:26,c:13$
5$f:26,c:15$
)
<end_proc>
--
<if>
x$f:29,c:5$
=$f:29,c:7$
34$f:29,c:9$
:
<if>
x$f:30,c:6$
<$f:30,c:8$
56$f:30,c:10$
:
x$f:31,c:6$
:=
x$f:31,c:11$
+$f:31,c:13$
1$f:31,c:15$
;
<block>
<decvar>
x$f:33,c:16$
:
<int>
--
<while>
x$f:35,c:15$
<$f:35,c:17$
20$f:35,c:19$
:
x$f:36,c:2$
:=
2$f:36,c:7$
*$f:36,c:8$
x$f:36,c:9$
;
x$f:37,c:2$
:=
5$f:37,c:7$
<end_while>
<end_block>
<else>
<block>
<decproc>
y$f:42,c:15$
(
)
<end_proc>
--
x$f:44,c:7$
:=
2$f:44,c:12$
*$f:44,c:14$
y$f:44,c:16$
;
@
y$f:45,c:9$
(
2$f:45,c:11$
*$f:45,c:12$
x$f:45,c:13$
+$f:45,c:15$
80$f:45,c:17$
,
45$f:45,c:21$
-$f:45,c:24$
x$f:45,c:26$
)
<end_block>
<end_if>
<end_if>
;
<block>
<decvar>
x$f:50,c:9$
:
<int>
--
x$f:52,c:3$
:=
x$f:52,c:8$
;
<input>
x$f:53,c:9$
.
x$f:53,c:11$
;
<output>
x$f:54,c:10$
+$f:54,c:12$
67$f:54,c:14$
;
<dispose>
x$f:55,c:11$
.
x$f:55,c:13$
[$f:55,c:14$
x$f:55,c:15$
]
;
<new>
u$f:56,c:7$
.
v$f:56,c:9$
[$f:56,c:10$
x$f:56,c:11$
]
<end_block>
;
x$f:59,c:1$
:=
'una cadena!!!'$f:59,c:6$
+$f:59,c:22$
<null>$f:59,c:24$
;
<if>
5$f:60,c:4$
:
<end_if>
;
<if>
5$f:61,c:4$
:
<else>
<end_if>
;
<while>
5$f:62,c:7$
:
<end_while>
<end_program>
IMPRESION INTERPRETE
<program>
<dectype>
tRaro$f:5,c:3$
:
<array>
[
20
]$f:5,c:17$
<of>
<pointer>
<pointer>
<record>
x$f:7,c:30$
:
<int>
;
y$f:8,c:24$
:
<bool>
;
z$f:9,c:23$
:
<real>
;
k$f:10,c:30$
:
<record>
x$f:11,c:34$
:
<pointer>
<array>
[
20
]$f:11,c:52$
<of>
<array>
[
30
]$f:11,c:66$
<of>
<int>
;
y$f:12,c:34$
:
<int>
<end_record>
<end_record>
;
<dectype>
tRarito$f:16,c:5$
:
<pointer>
<pointer>
<array>
[
5
]$f:16,c:37$
<of>
<array>
[
10
]$f:16,c:49$
<of>
tRaro$f:16,c:56$
;
<decvar>
x$f:18,c:5$
:
<pointer>
<pointer>
<pointer>
<array>
[
10
]$f:18,c:39$
<of>
<array>
[
10
]$f:18,c:52$
<of>
tRarito$f:18,c:59$
;
<decproc>
subprog$f:20,c:9$
(
x$f:20,c:17$
:
<int>
,
y$f:20,c:25$
:
<pointer>
<pointer>
tRarito$f:20,c:44$
,
z$f:20,c:53$
:
<record>
x$f:20,c:63$
:
<int>
;
y$f:20,c:71$
:
<pointer>
tRarito$f:20,c:82$
<end_record>
)
<decvar>
k$f:21,c:11$
:
<pointer>
<pointer>
tRarito$f:21,c:30$
;
<decproc>
u$f:22,c:12$
(
v$f:22,c:14$
:
<int>
,
<ref>
z$f:22,c:26$
:
<array>
[
98
]$f:22,c:36$
<of>
<int>
)
<end_proc>
--
u$f:25,c:4$
->
v$f:25,c:7$
:=
*$f:25,c:13$
(
k$f:25,c:15$
.
c$f:25,c:17$
->
x$f:25,c:20$
[$f:25,c:21$
e$f:25,c:22$
+$f:25,c:23$
e$f:25,c:24$
[$f:25,c:25$
x$f:25,c:26$
.
c$f:25,c:28$
]
]
)
.
y$f:25,c:34$
[$f:25,c:35$
r$f:25,c:36$
]
%$f:25,c:39$
2$f:25,c:41$
;
@
u$f:26,c:6$
(
5$f:26,c:8$
,
5$f:26,c:11$
-$f:26,c:13$
5$f:26,c:15$
)
<end_proc>
--
<if>
x$f:29,c:5$
=$f:29,c:7$
34$f:29,c:9$
:
<if>
x$f:30,c:6$
<$f:30,c:8$
56$f:30,c:10$
:
x$f:31,c:6$
:=
x$f:31,c:11$
+$f:31,c:13$
1$f:31,c:15$
;
<block>
<decvar>
x$f:33,c:16$
:
<int>
--
<while>
x$f:35,c:15$
<$f:35,c:17$
20$f:35,c:19$
:
x$f:36,c:2$
:=
2$f:36,c:7$
*$f:36,c:8$
x$f:36,c:9$
;
x$f:37,c:2$
:=
5$f:37,c:7$
<end_while>
<end_block>
<else>
<block>
<decproc>
y$f:42,c:15$
(
)
<end_proc>
--
x$f:44,c:7$
:=
2$f:44,c:12$
*$f:44,c:14$
y$f:44,c:16$
;
@
y$f:45,c:9$
(
2$f:45,c:11$
*$f:45,c:12$
x$f:45,c:13$
+$f:45,c:15$
80$f:45,c:17$
,
45$f:45,c:21$
-$f:45,c:24$
x$f:45,c:26$
)
<end_block>
<end_if>
<end_if>
;
<block>
<decvar>
x$f:50,c:9$
:
<int>
--
x$f:52,c:3$
:=
x$f:52,c:8$
;
<input>
x$f:53,c:9$
.
x$f:53,c:11$
;
<output>
x$f:54,c:10$
+$f:54,c:12$
67$f:54,c:14$
;
<dispose>
x$f:55,c:11$
.
x$f:55,c:13$
[$f:55,c:14$
x$f:55,c:15$
]
;
<new>
u$f:56,c:7$
.
v$f:56,c:9$
[$f:56,c:10$
x$f:56,c:11$
]
<end_block>
;
x$f:59,c:1$
:=
'una cadena!!!'$f:59,c:6$
+$f:59,c:22$
<null>$f:59,c:24$
;
<if>
5$f:60,c:4$
:
<end_if>
;
<if>
5$f:61,c:4$
:
<else>
<end_if>
;
<while>
5$f:62,c:7$
:
<end_while>
<end_program>
IMPRESION VISITANTE
<program>
<dectype>
tRaro$f:5,c:3$
:
<array>
[
20
]$f:5,c:17$
<of>
<pointer>
<pointer>
<record>
x$f:7,c:30$
:
<int>
;
y$f:8,c:24$
:
<bool>
;
z$f:9,c:23$
:
<real>
;
k$f:10,c:30$
:
<record>
x$f:11,c:34$
:
<pointer>
<array>
[
20
]$f:11,c:52$
<of>
<array>
[
30
]$f:11,c:66$
<of>
<int>
;
y$f:12,c:34$
:
<int>
<end_record>
<end_record>
;
<dectype>
tRarito$f:16,c:5$
:
<pointer>
<pointer>
<array>
[
5
]$f:16,c:37$
<of>
<array>
[
10
]$f:16,c:49$
<of>
tRaro$f:16,c:56$
;
<decvar>
x$f:18,c:5$
:
<pointer>
<pointer>
<pointer>
<array>
[
10
]$f:18,c:39$
<of>
<array>
[
10
]$f:18,c:52$
<of>
tRarito$f:18,c:59$
;
<decproc>
subprog$f:20,c:9$
(
x$f:20,c:17$
:
<int>
,
y$f:20,c:25$
:
<pointer>
<pointer>
tRarito$f:20,c:44$
,
z$f:20,c:53$
:
<record>
x$f:20,c:63$
:
<int>
;
y$f:20,c:71$
:
<pointer>
tRarito$f:20,c:82$
<end_record>
)
<decvar>
k$f:21,c:11$
:
<pointer>
<pointer>
tRarito$f:21,c:30$
;
<decproc>
u$f:22,c:12$
(
v$f:22,c:14$
:
<int>
,
<ref>
z$f:22,c:26$
:
<array>
[
98
]$f:22,c:36$
<of>
<int>
)
<end_proc>
--
u$f:25,c:4$
->
v$f:25,c:7$
:=
*$f:25,c:13$
(
k$f:25,c:15$
.
c$f:25,c:17$
->
x$f:25,c:20$
[$f:25,c:21$
e$f:25,c:22$
+$f:25,c:23$
e$f:25,c:24$
[$f:25,c:25$
x$f:25,c:26$
.
c$f:25,c:28$
]
]
)
.
y$f:25,c:34$
[$f:25,c:35$
r$f:25,c:36$
]
%$f:25,c:39$
2$f:25,c:41$
;
@
u$f:26,c:6$
(
5$f:26,c:8$
,
5$f:26,c:11$
-$f:26,c:13$
5$f:26,c:15$
)
<end_proc>
--
<if>
x$f:29,c:5$
=$f:29,c:7$
34$f:29,c:9$
:
<if>
x$f:30,c:6$
<$f:30,c:8$
56$f:30,c:10$
:
x$f:31,c:6$
:=
x$f:31,c:11$
+$f:31,c:13$
1$f:31,c:15$
;
<block>
<decvar>
x$f:33,c:16$
:
<int>
--
<while>
x$f:35,c:15$
<$f:35,c:17$
20$f:35,c:19$
:
x$f:36,c:2$
:=
2$f:36,c:7$
*$f:36,c:8$
x$f:36,c:9$
;
x$f:37,c:2$
:=
5$f:37,c:7$
<end_while>
<end_block>
<else>
<block>
<decproc>
y$f:42,c:15$
(
)
<end_proc>
--
x$f:44,c:7$
:=
2$f:44,c:12$
*$f:44,c:14$
y$f:44,c:16$
;
@
y$f:45,c:9$
(
2$f:45,c:11$
*$f:45,c:12$
x$f:45,c:13$
+$f:45,c:15$
80$f:45,c:17$
,
45$f:45,c:21$
-$f:45,c:24$
x$f:45,c:26$
)
<end_block>
<end_if>
<end_if>
;
<block>
<decvar>
x$f:50,c:9$
:
<int>
--
x$f:52,c:3$
:=
x$f:52,c:8$
;
<input>
x$f:53,c:9$
.
x$f:53,c:11$
;
<output>
x$f:54,c:10$
+$f:54,c:12$
67$f:54,c:14$
;
<dispose>
x$f:55,c:11$
.
x$f:55,c:13$
[$f:55,c:14$
x$f:55,c:15$
]
;
<new>
u$f:56,c:7$
.
v$f:56,c:9$
[$f:56,c:10$
x$f:56,c:11$
]
<end_block>
;
x$f:59,c:1$
:=
'una cadena!!!'$f:59,c:6$
+$f:59,c:22$
<null>$f:59,c:24$
;
<if>
5$f:60,c:4$
:
<end_if>
;
<if>
5$f:61,c:4$
:
<else>
<end_if>
;
<while>
5$f:62,c:7$
:
<end_while>
<end_program>
