CONSTRUCCION AST ASCENDENTE
<program>
<dectype>
tArbol
:
<pointer>
tNodo
;
<dectype>
tNodo
:
<record>
nombre
:
<string>
;
izq
:
tArbol
;
der
:
tArbol
<end_record>
;
<dectype>
tListaNombres
:
<record>
nombres
:
<array>
[
50
]
<of>
<string>
;
cont
:
<int>
<end_record>
;
<decvar>
nombres
:
tListaNombres
;
<decvar>
arbol
:
tArbol
;
<decproc>
lee_nombres
(
<ref>
nombres
:
tListaNombres
)
<decvar>
i
:
<int>
--
<output>
'Introduce el número de nombres a ordenar (max 50): \n'
;
<input>
nombres
.
cont
;
<while>
(
nombres
.
cont
<
0
)
|
(
nombres
.
cont
>
50
)
:
<output>
'Introduce el número de nombres a ordenar (max 50): \n'
;
<input>
nombres
.
cont
<end_while>
;
i
:=
0
;
<output>
'Introduce un nombre en cada línea: \n'
;
<while>
i
<
nombres
.
cont
:
<input>
nombres
.
nombres
[
i
]
;
i
:=
i
+
1
<end_while>
<end_proc>
;
<decproc>
construye_arbol
(
)
<decvar>
i
:
<int>
;
<decproc>
inserta_nombre
(
<ref>
arbol
:
tArbol
)
<if>
arbol
=
<null>
:
<new>
arbol
;
arbol
->
nombre
:=
nombres
.
nombres
[
i
]
;
arbol
->
izq
:=
<null>
;
arbol
->
der
:=
<null>
<else>
<block>
<decvar>
padre
:
tArbol
;
<decvar>
act
:
tArbol
;
<decvar>
fin
:
<bool>
--
padre
:=
<null>
;
act
:=
arbol
;
fin
:=
<false>
;
<while>
!
fin
:
padre
:=
act
;
<if>
act
->
nombre
<
nombres
.
nombres
[
i
]
:
act
:=
act
->
der
<else>
<if>
act
->
nombre
>
nombres
.
nombres
[
i
]
:
act
:=
act
->
izq
<end_if>
<end_if>
;
<if>
act
=
<null>
:
fin
:=
<true>
<else>
<if>
act
->
nombre
=
nombres
.
nombres
[
i
]
:
fin
:=
<true>
<end_if>
<end_if>
<end_while>
;
<if>
act
=
<null>
:
<if>
padre
->
nombre
<
nombres
.
nombres
[
i
]
:
<new>
padre
->
der
;
padre
->
der
->
nombre
:=
nombres
.
nombres
[
i
]
;
padre
->
der
->
izq
:=
<null>
;
padre
->
der
->
der
:=
<null>
<else>
<new>
padre
->
izq
;
padre
->
izq
->
nombre
:=
nombres
.
nombres
[
i
]
;
padre
->
izq
->
izq
:=
<null>
;
padre
->
izq
->
der
:=
<null>
<end_if>
<end_if>
<end_block>
<end_if>
<end_proc>
--
arbol
:=
<null>
;
i
:=
0
;
<while>
i
<
nombres
.
cont
:
@
inserta_nombre
(
arbol
)
;
i
:=
i
+
1
<end_while>
<end_proc>
;
<decproc>
escribe_nombres
(
arbol
:
tArbol
)
<if>
arbol
<>
<null>
:
@
escribe_nombres
(
arbol
->
izq
)
;
<output>
arbol
->
nombre
;
<output>
'\n'
;
@
escribe_nombres
(
arbol
->
der
)
<end_if>
<end_proc>
--
@
lee_nombres
(
nombres
)
;
@
construye_arbol
(
)
;
<output>
'Listado de nombres ordenado\n'
;
<output>
'---------------------------\n'
;
@
escribe_nombres
(
arbol
)
<end_program>
EOF
IMPRESION RECURSIVA
<program>
<dectype>
tArbol$f:3,c:11$
:
<pointer>
tNodo$f:3,c:27$
;
<dectype>
tNodo$f:4,c:11$
:
<record>
nombre$f:5,c:19$
:
<string>
;
izq$f:6,c:19$
:
tArbol$f:6,c:24$
;
der$f:7,c:19$
:
tArbol$f:7,c:24$
<end_record>
;
<dectype>
tListaNombres$f:9,c:11$
:
<record>
nombres$f:10,c:28$
:
<array>
[
50
]$f:10,c:44$
<of>
<string>
;
cont$f:11,c:28$
:
<int>
<end_record>
;
<decvar>
nombres$f:14,c:10$
:
tListaNombres$f:14,c:19$
;
<decvar>
arbol$f:15,c:10$
:
tArbol$f:15,c:17$
;
<decproc>
lee_nombres$f:19,c:11$
(
<ref>
nombres$f:19,c:27$
:
tListaNombres$f:19,c:36$
)
<decvar>
i$f:20,c:12$
:
<int>
--
<output>
'Introduce el número de nombres a ordenar (max 50): \n'$f:22,c:12$
;
<input>
nombres$f:23,c:11$
.
cont$f:23,c:19$
;
<while>
(
nombres$f:24,c:12$
.
cont$f:24,c:20$
<$f:24,c:25$
0$f:24,c:27$
)
|$f:24,c:30$
(
nombres$f:24,c:33$
.
cont$f:24,c:41$
>$f:24,c:46$
50$f:24,c:48$
)
:
<output>
'Introduce el número de nombres a ordenar (max 50): \n'$f:25,c:14$
;
<input>
nombres$f:26,c:13$
.
cont$f:26,c:21$
<end_while>
;
i$f:28,c:5$
:=
0$f:28,c:10$
;
<output>
'Introduce un nombre en cada línea: \n'$f:29,c:12$
;
<while>
i$f:30,c:11$
<$f:30,c:13$
nombres$f:30,c:15$
.
cont$f:30,c:23$
:
<input>
nombres$f:31,c:14$
.
nombres$f:31,c:22$
[$f:31,c:29$
i$f:31,c:30$
]
;
i$f:32,c:8$
:=
i$f:32,c:13$
+$f:32,c:15$
1$f:32,c:17$
<end_while>
<end_proc>
;
<decproc>
construye_arbol$f:40,c:11$
(
)
<decvar>
i$f:41,c:12$
:
<int>
;
<decproc>
inserta_nombre$f:46,c:13$
(
<ref>
arbol$f:46,c:32$
:
tArbol$f:46,c:39$
)
<if>
arbol$f:47,c:10$
=$f:47,c:16$
<null>$f:47,c:18$
:
<new>
arbol$f:48,c:13$
;
arbol$f:49,c:9$
->
nombre$f:49,c:16$
:=
nombres$f:49,c:26$
.
nombres$f:49,c:34$
[$f:49,c:41$
i$f:49,c:42$
]
;
arbol$f:50,c:9$
->
izq$f:50,c:16$
:=
<null>$f:50,c:23$
;
arbol$f:51,c:9$
->
der$f:51,c:16$
:=
<null>$f:51,c:23$
<else>
<block>
<decvar>
padre$f:54,c:18$
:
tArbol$f:54,c:25$
;
<decvar>
act$f:55,c:18$
:
tArbol$f:55,c:23$
;
<decvar>
fin$f:57,c:18$
:
<bool>
--
padre$f:60,c:11$
:=
<null>$f:60,c:20$
;
act$f:61,c:11$
:=
arbol$f:61,c:18$
;
fin$f:62,c:11$
:=
<false>$f:62,c:18$
;
<while>
!$f:64,c:17$
fin$f:64,c:19$
:
padre$f:65,c:13$
:=
act$f:65,c:22$
;
<if>
act$f:66,c:16$
->
nombre$f:66,c:21$
<$f:66,c:28$
nombres$f:66,c:30$
.
nombres$f:66,c:38$
[$f:66,c:45$
i$f:66,c:46$
]
:
act$f:68,c:15$
:=
act$f:68,c:22$
->
der$f:68,c:27$
<else>
<if>
act$f:70,c:20$
->
nombre$f:70,c:25$
>$f:70,c:32$
nombres$f:70,c:34$
.
nombres$f:70,c:42$
[$f:70,c:49$
i$f:70,c:50$
]
:
act$f:72,c:19$
:=
act$f:72,c:26$
->
izq$f:72,c:31$
<end_if>
<end_if>
;
<if>
act$f:77,c:16$
=$f:77,c:20$
<null>$f:77,c:22$
:
fin$f:78,c:15$
:=
<true>$f:78,c:22$
<else>
<if>
act$f:80,c:18$
->
nombre$f:80,c:23$
=$f:80,c:30$
nombres$f:80,c:32$
.
nombres$f:80,c:40$
[$f:80,c:47$
i$f:80,c:48$
]
:
fin$f:81,c:17$
:=
<true>$f:81,c:24$
<end_if>
<end_if>
<end_while>
;
<if>
act$f:87,c:14$
=$f:87,c:18$
<null>$f:87,c:20$
:
<if>
padre$f:90,c:16$
->
nombre$f:90,c:23$
<$f:90,c:30$
nombres$f:90,c:32$
.
nombres$f:90,c:40$
[$f:90,c:47$
i$f:90,c:48$
]
:
<new>
padre$f:92,c:19$
->
der$f:92,c:26$
;
padre$f:93,c:15$
->
der$f:93,c:22$
->
nombre$f:93,c:27$
:=
nombres$f:93,c:37$
.
nombres$f:93,c:45$
[$f:93,c:52$
i$f:93,c:53$
]
;
padre$f:94,c:15$
->
der$f:94,c:22$
->
izq$f:94,c:27$
:=
<null>$f:94,c:34$
;
padre$f:95,c:15$
->
der$f:95,c:22$
->
der$f:95,c:27$
:=
<null>$f:95,c:34$
<else>
<new>
padre$f:98,c:19$
->
izq$f:98,c:26$
;
padre$f:99,c:15$
->
izq$f:99,c:22$
->
nombre$f:99,c:27$
:=
nombres$f:99,c:37$
.
nombres$f:99,c:45$
[$f:99,c:52$
i$f:99,c:53$
]
;
padre$f:100,c:15$
->
izq$f:100,c:22$
->
izq$f:100,c:27$
:=
<null>$f:100,c:34$
;
padre$f:101,c:15$
->
izq$f:101,c:22$
->
der$f:101,c:27$
:=
<null>$f:101,c:34$
<end_if>
<end_if>
<end_block>
<end_if>
<end_proc>
--
arbol$f:109,c:5$
:=
<null>$f:109,c:14$
;
i$f:110,c:5$
:=
0$f:110,c:10$
;
<while>
i$f:111,c:11$
<$f:111,c:13$
nombres$f:111,c:15$
.
cont$f:111,c:23$
:
@
inserta_nombre$f:112,c:8$
(
arbol$f:112,c:23$
)
;
i$f:113,c:7$
:=
i$f:113,c:12$
+$f:113,c:14$
1$f:113,c:16$
<end_while>
<end_proc>
;
<decproc>
escribe_nombres$f:121,c:11$
(
arbol$f:121,c:27$
:
tArbol$f:121,c:34$
)
<if>
arbol$f:122,c:8$
<>$f:122,c:14$
<null>$f:122,c:17$
:
@
escribe_nombres$f:123,c:5$
(
arbol$f:123,c:21$
->
izq$f:123,c:28$
)
;
<output>
arbol$f:124,c:11$
->
nombre$f:124,c:18$
;
<output>
'\n'$f:124,c:33$
;
@
escribe_nombres$f:125,c:5$
(
arbol$f:125,c:21$
->
der$f:125,c:28$
)
<end_if>
<end_proc>
--
@
lee_nombres$f:131,c:4$
(
nombres$f:131,c:16$
)
;
@
construye_arbol$f:132,c:4$
(
)
;
<output>
'Listado de nombres ordenado\n'$f:133,c:10$
;
<output>
'---------------------------\n'$f:134,c:10$
;
@
escribe_nombres$f:135,c:4$
(
arbol$f:135,c:20$
)
<end_program>
IMPRESION INTERPRETE
<program>
<dectype>
tArbol$f:3,c:11$
:
<pointer>
tNodo$f:3,c:27$
;
<dectype>
tNodo$f:4,c:11$
:
<record>
nombre$f:5,c:19$
:
<string>
;
izq$f:6,c:19$
:
tArbol$f:6,c:24$
;
der$f:7,c:19$
:
tArbol$f:7,c:24$
<end_record>
;
<dectype>
tListaNombres$f:9,c:11$
:
<record>
nombres$f:10,c:28$
:
<array>
[
50
]$f:10,c:44$
<of>
<string>
;
cont$f:11,c:28$
:
<int>
<end_record>
;
<decvar>
nombres$f:14,c:10$
:
tListaNombres$f:14,c:19$
;
<decvar>
arbol$f:15,c:10$
:
tArbol$f:15,c:17$
;
<decproc>
lee_nombres$f:19,c:11$
(
<ref>
nombres$f:19,c:27$
:
tListaNombres$f:19,c:36$
)
<decvar>
i$f:20,c:12$
:
<int>
--
<output>
'Introduce el número de nombres a ordenar (max 50): \n'$f:22,c:12$
;
<input>
nombres$f:23,c:11$
.
cont$f:23,c:19$
;
<while>
(
nombres$f:24,c:12$
.
cont$f:24,c:20$
<$f:24,c:25$
0$f:24,c:27$
)
|$f:24,c:30$
(
nombres$f:24,c:33$
.
cont$f:24,c:41$
>$f:24,c:46$
50$f:24,c:48$
)
:
<output>
'Introduce el número de nombres a ordenar (max 50): \n'$f:25,c:14$
;
<input>
nombres$f:26,c:13$
.
cont$f:26,c:21$
<end_while>
;
i$f:28,c:5$
:=
0$f:28,c:10$
;
<output>
'Introduce un nombre en cada línea: \n'$f:29,c:12$
;
<while>
i$f:30,c:11$
<$f:30,c:13$
nombres$f:30,c:15$
.
cont$f:30,c:23$
:
<input>
nombres$f:31,c:14$
.
nombres$f:31,c:22$
[$f:31,c:29$
i$f:31,c:30$
]
;
i$f:32,c:8$
:=
i$f:32,c:13$
+$f:32,c:15$
1$f:32,c:17$
<end_while>
<end_proc>
;
<decproc>
construye_arbol$f:40,c:11$
(
)
<decvar>
i$f:41,c:12$
:
<int>
;
<decproc>
inserta_nombre$f:46,c:13$
(
<ref>
arbol$f:46,c:32$
:
tArbol$f:46,c:39$
)
<if>
arbol$f:47,c:10$
=$f:47,c:16$
<null>$f:47,c:18$
:
<new>
arbol$f:48,c:13$
;
arbol$f:49,c:9$
->
nombre$f:49,c:16$
:=
nombres$f:49,c:26$
.
nombres$f:49,c:34$
[$f:49,c:41$
i$f:49,c:42$
]
;
arbol$f:50,c:9$
->
izq$f:50,c:16$
:=
<null>$f:50,c:23$
;
arbol$f:51,c:9$
->
der$f:51,c:16$
:=
<null>$f:51,c:23$
<else>
<block>
<decvar>
padre$f:54,c:18$
:
tArbol$f:54,c:25$
;
<decvar>
act$f:55,c:18$
:
tArbol$f:55,c:23$
;
<decvar>
fin$f:57,c:18$
:
<bool>
--
padre$f:60,c:11$
:=
<null>$f:60,c:20$
;
act$f:61,c:11$
:=
arbol$f:61,c:18$
;
fin$f:62,c:11$
:=
<false>$f:62,c:18$
;
<while>
!$f:64,c:17$
fin$f:64,c:19$
:
padre$f:65,c:13$
:=
act$f:65,c:22$
;
<if>
act$f:66,c:16$
->
nombre$f:66,c:21$
<$f:66,c:28$
nombres$f:66,c:30$
.
nombres$f:66,c:38$
[$f:66,c:45$
i$f:66,c:46$
]
:
act$f:68,c:15$
:=
act$f:68,c:22$
->
der$f:68,c:27$
<else>
<if>
act$f:70,c:20$
->
nombre$f:70,c:25$
>$f:70,c:32$
nombres$f:70,c:34$
.
nombres$f:70,c:42$
[$f:70,c:49$
i$f:70,c:50$
]
:
act$f:72,c:19$
:=
act$f:72,c:26$
->
izq$f:72,c:31$
<end_if>
<end_if>
;
<if>
act$f:77,c:16$
=$f:77,c:20$
<null>$f:77,c:22$
:
fin$f:78,c:15$
:=
<true>$f:78,c:22$
<else>
<if>
act$f:80,c:18$
->
nombre$f:80,c:23$
=$f:80,c:30$
nombres$f:80,c:32$
.
nombres$f:80,c:40$
[$f:80,c:47$
i$f:80,c:48$
]
:
fin$f:81,c:17$
:=
<true>$f:81,c:24$
<end_if>
<end_if>
<end_while>
;
<if>
act$f:87,c:14$
=$f:87,c:18$
<null>$f:87,c:20$
:
<if>
padre$f:90,c:16$
->
nombre$f:90,c:23$
<$f:90,c:30$
nombres$f:90,c:32$
.
nombres$f:90,c:40$
[$f:90,c:47$
i$f:90,c:48$
]
:
<new>
padre$f:92,c:19$
->
der$f:92,c:26$
;
padre$f:93,c:15$
->
der$f:93,c:22$
->
nombre$f:93,c:27$
:=
nombres$f:93,c:37$
.
nombres$f:93,c:45$
[$f:93,c:52$
i$f:93,c:53$
]
;
padre$f:94,c:15$
->
der$f:94,c:22$
->
izq$f:94,c:27$
:=
<null>$f:94,c:34$
;
padre$f:95,c:15$
->
der$f:95,c:22$
->
der$f:95,c:27$
:=
<null>$f:95,c:34$
<else>
<new>
padre$f:98,c:19$
->
izq$f:98,c:26$
;
padre$f:99,c:15$
->
izq$f:99,c:22$
->
nombre$f:99,c:27$
:=
nombres$f:99,c:37$
.
nombres$f:99,c:45$
[$f:99,c:52$
i$f:99,c:53$
]
;
padre$f:100,c:15$
->
izq$f:100,c:22$
->
izq$f:100,c:27$
:=
<null>$f:100,c:34$
;
padre$f:101,c:15$
->
izq$f:101,c:22$
->
der$f:101,c:27$
:=
<null>$f:101,c:34$
<end_if>
<end_if>
<end_block>
<end_if>
<end_proc>
--
arbol$f:109,c:5$
:=
<null>$f:109,c:14$
;
i$f:110,c:5$
:=
0$f:110,c:10$
;
<while>
i$f:111,c:11$
<$f:111,c:13$
nombres$f:111,c:15$
.
cont$f:111,c:23$
:
@
inserta_nombre$f:112,c:8$
(
arbol$f:112,c:23$
)
;
i$f:113,c:7$
:=
i$f:113,c:12$
+$f:113,c:14$
1$f:113,c:16$
<end_while>
<end_proc>
;
<decproc>
escribe_nombres$f:121,c:11$
(
arbol$f:121,c:27$
:
tArbol$f:121,c:34$
)
<if>
arbol$f:122,c:8$
<>$f:122,c:14$
<null>$f:122,c:17$
:
@
escribe_nombres$f:123,c:5$
(
arbol$f:123,c:21$
->
izq$f:123,c:28$
)
;
<output>
arbol$f:124,c:11$
->
nombre$f:124,c:18$
;
<output>
'\n'$f:124,c:33$
;
@
escribe_nombres$f:125,c:5$
(
arbol$f:125,c:21$
->
der$f:125,c:28$
)
<end_if>
<end_proc>
--
@
lee_nombres$f:131,c:4$
(
nombres$f:131,c:16$
)
;
@
construye_arbol$f:132,c:4$
(
)
;
<output>
'Listado de nombres ordenado\n'$f:133,c:10$
;
<output>
'---------------------------\n'$f:134,c:10$
;
@
escribe_nombres$f:135,c:4$
(
arbol$f:135,c:20$
)
<end_program>
IMPRESION VISITANTE
<program>
<dectype>
tArbol$f:3,c:11$
:
<pointer>
tNodo$f:3,c:27$
;
<dectype>
tNodo$f:4,c:11$
:
<record>
nombre$f:5,c:19$
:
<string>
;
izq$f:6,c:19$
:
tArbol$f:6,c:24$
;
der$f:7,c:19$
:
tArbol$f:7,c:24$
<end_record>
;
<dectype>
tListaNombres$f:9,c:11$
:
<record>
nombres$f:10,c:28$
:
<array>
[
50
]$f:10,c:44$
<of>
<string>
;
cont$f:11,c:28$
:
<int>
<end_record>
;
<decvar>
nombres$f:14,c:10$
:
tListaNombres$f:14,c:19$
;
<decvar>
arbol$f:15,c:10$
:
tArbol$f:15,c:17$
;
<decproc>
lee_nombres$f:19,c:11$
(
<ref>
nombres$f:19,c:27$
:
tListaNombres$f:19,c:36$
)
<decvar>
i$f:20,c:12$
:
<int>
--
<output>
'Introduce el número de nombres a ordenar (max 50): \n'$f:22,c:12$
;
<input>
nombres$f:23,c:11$
.
cont$f:23,c:19$
;
<while>
(
nombres$f:24,c:12$
.
cont$f:24,c:20$
<$f:24,c:25$
0$f:24,c:27$
)
|$f:24,c:30$
(
nombres$f:24,c:33$
.
cont$f:24,c:41$
>$f:24,c:46$
50$f:24,c:48$
)
:
<output>
'Introduce el número de nombres a ordenar (max 50): \n'$f:25,c:14$
;
<input>
nombres$f:26,c:13$
.
cont$f:26,c:21$
<end_while>
;
i$f:28,c:5$
:=
0$f:28,c:10$
;
<output>
'Introduce un nombre en cada línea: \n'$f:29,c:12$
;
<while>
i$f:30,c:11$
<$f:30,c:13$
nombres$f:30,c:15$
.
cont$f:30,c:23$
:
<input>
nombres$f:31,c:14$
.
nombres$f:31,c:22$
[$f:31,c:29$
i$f:31,c:30$
]
;
i$f:32,c:8$
:=
i$f:32,c:13$
+$f:32,c:15$
1$f:32,c:17$
<end_while>
<end_proc>
;
<decproc>
construye_arbol$f:40,c:11$
(
)
<decvar>
i$f:41,c:12$
:
<int>
;
<decproc>
inserta_nombre$f:46,c:13$
(
<ref>
arbol$f:46,c:32$
:
tArbol$f:46,c:39$
)
<if>
arbol$f:47,c:10$
=$f:47,c:16$
<null>$f:47,c:18$
:
<new>
arbol$f:48,c:13$
;
arbol$f:49,c:9$
->
nombre$f:49,c:16$
:=
nombres$f:49,c:26$
.
nombres$f:49,c:34$
[$f:49,c:41$
i$f:49,c:42$
]
;
arbol$f:50,c:9$
->
izq$f:50,c:16$
:=
<null>$f:50,c:23$
;
arbol$f:51,c:9$
->
der$f:51,c:16$
:=
<null>$f:51,c:23$
<else>
<block>
<decvar>
padre$f:54,c:18$
:
tArbol$f:54,c:25$
;
<decvar>
act$f:55,c:18$
:
tArbol$f:55,c:23$
;
<decvar>
fin$f:57,c:18$
:
<bool>
--
padre$f:60,c:11$
:=
<null>$f:60,c:20$
;
act$f:61,c:11$
:=
arbol$f:61,c:18$
;
fin$f:62,c:11$
:=
<false>$f:62,c:18$
;
<while>
!$f:64,c:17$
fin$f:64,c:19$
:
padre$f:65,c:13$
:=
act$f:65,c:22$
;
<if>
act$f:66,c:16$
->
nombre$f:66,c:21$
<$f:66,c:28$
nombres$f:66,c:30$
.
nombres$f:66,c:38$
[$f:66,c:45$
i$f:66,c:46$
]
:
act$f:68,c:15$
:=
act$f:68,c:22$
->
der$f:68,c:27$
<else>
<if>
act$f:70,c:20$
->
nombre$f:70,c:25$
>$f:70,c:32$
nombres$f:70,c:34$
.
nombres$f:70,c:42$
[$f:70,c:49$
i$f:70,c:50$
]
:
act$f:72,c:19$
:=
act$f:72,c:26$
->
izq$f:72,c:31$
<end_if>
<end_if>
;
<if>
act$f:77,c:16$
=$f:77,c:20$
<null>$f:77,c:22$
:
fin$f:78,c:15$
:=
<true>$f:78,c:22$
<else>
<if>
act$f:80,c:18$
->
nombre$f:80,c:23$
=$f:80,c:30$
nombres$f:80,c:32$
.
nombres$f:80,c:40$
[$f:80,c:47$
i$f:80,c:48$
]
:
fin$f:81,c:17$
:=
<true>$f:81,c:24$
<end_if>
<end_if>
<end_while>
;
<if>
act$f:87,c:14$
=$f:87,c:18$
<null>$f:87,c:20$
:
<if>
padre$f:90,c:16$
->
nombre$f:90,c:23$
<$f:90,c:30$
nombres$f:90,c:32$
.
nombres$f:90,c:40$
[$f:90,c:47$
i$f:90,c:48$
]
:
<new>
padre$f:92,c:19$
->
der$f:92,c:26$
;
padre$f:93,c:15$
->
der$f:93,c:22$
->
nombre$f:93,c:27$
:=
nombres$f:93,c:37$
.
nombres$f:93,c:45$
[$f:93,c:52$
i$f:93,c:53$
]
;
padre$f:94,c:15$
->
der$f:94,c:22$
->
izq$f:94,c:27$
:=
<null>$f:94,c:34$
;
padre$f:95,c:15$
->
der$f:95,c:22$
->
der$f:95,c:27$
:=
<null>$f:95,c:34$
<else>
<new>
padre$f:98,c:19$
->
izq$f:98,c:26$
;
padre$f:99,c:15$
->
izq$f:99,c:22$
->
nombre$f:99,c:27$
:=
nombres$f:99,c:37$
.
nombres$f:99,c:45$
[$f:99,c:52$
i$f:99,c:53$
]
;
padre$f:100,c:15$
->
izq$f:100,c:22$
->
izq$f:100,c:27$
:=
<null>$f:100,c:34$
;
padre$f:101,c:15$
->
izq$f:101,c:22$
->
der$f:101,c:27$
:=
<null>$f:101,c:34$
<end_if>
<end_if>
<end_block>
<end_if>
<end_proc>
--
arbol$f:109,c:5$
:=
<null>$f:109,c:14$
;
i$f:110,c:5$
:=
0$f:110,c:10$
;
<while>
i$f:111,c:11$
<$f:111,c:13$
nombres$f:111,c:15$
.
cont$f:111,c:23$
:
@
inserta_nombre$f:112,c:8$
(
arbol$f:112,c:23$
)
;
i$f:113,c:7$
:=
i$f:113,c:12$
+$f:113,c:14$
1$f:113,c:16$
<end_while>
<end_proc>
;
<decproc>
escribe_nombres$f:121,c:11$
(
arbol$f:121,c:27$
:
tArbol$f:121,c:34$
)
<if>
arbol$f:122,c:8$
<>$f:122,c:14$
<null>$f:122,c:17$
:
@
escribe_nombres$f:123,c:5$
(
arbol$f:123,c:21$
->
izq$f:123,c:28$
)
;
<output>
arbol$f:124,c:11$
->
nombre$f:124,c:18$
;
<output>
'\n'$f:124,c:33$
;
@
escribe_nombres$f:125,c:5$
(
arbol$f:125,c:21$
->
der$f:125,c:28$
)
<end_if>
<end_proc>
--
@
lee_nombres$f:131,c:4$
(
nombres$f:131,c:16$
)
;
@
construye_arbol$f:132,c:4$
(
)
;
<output>
'Listado de nombres ordenado\n'$f:133,c:10$
;
<output>
'---------------------------\n'$f:134,c:10$
;
@
escribe_nombres$f:135,c:4$
(
arbol$f:135,c:20$
)
<end_program>
